[acorn-html-medical-assistant.coloredstrategies.com/Dashboards.Doctor.html]
[backblue.gif]
[fade.gif]
[index.html]
[acorn-html-medical-assistant.coloredstrategies.com/img/favicon/apple-touch-icon-57x57.png]
[acorn-html-medical-assistant.coloredstrategies.com/img/favicon/apple-touch-icon-114x114.png]
[acorn-html-medical-assistant.coloredstrategies.com/img/favicon/apple-touch-icon-72x72.png]
[acorn-html-medical-assistant.coloredstrategies.com/img/favicon/apple-touch-icon-144x144.png]
[acorn-html-medical-assistant.coloredstrategies.com/img/favicon/apple-touch-icon-60x60.png]
[acorn-html-medical-assistant.coloredstrategies.com/img/favicon/apple-touch-icon-120x120.png]
[acorn-html-medical-assistant.coloredstrategies.com/img/favicon/apple-touch-icon-76x76.png]
[acorn-html-medical-assistant.coloredstrategies.com/img/favicon/apple-touch-icon-152x152.png]
[acorn-html-medical-assistant.coloredstrategies.com/img/favicon/favicon-196x196.png]
[acorn-html-medical-assistant.coloredstrategies.com/img/favicon/favicon-96x96.png]
[acorn-html-medical-assistant.coloredstrategies.com/img/favicon/favicon-32x32.png]
[acorn-html-medical-assistant.coloredstrategies.com/img/favicon/favicon-16x16.png]
[acorn-html-medical-assistant.coloredstrategies.com/img/favicon/favicon-128.png]
[acorn-html-medical-assistant.coloredstrategies.com/img/favicon/mstile-144x144.png]
[acorn-html-medical-assistant.coloredstrategies.com/img/favicon/mstile-70x70.png]
[acorn-html-medical-assistant.coloredstrategies.com/img/favicon/mstile-150x150.png]
[acorn-html-medical-assistant.coloredstrategies.com/img/favicon/mstile-310x150.png]
[acorn-html-medical-assistant.coloredstrategies.com/img/favicon/mstile-310x310.png]
[acorn-html-medical-assistant.coloredstrategies.com/font/CS-Interface/style.css]
[acorn-html-medical-assistant.coloredstrategies.com/css/vendor/bootstrap.min.css]
[acorn-html-medical-assistant.coloredstrategies.com/css/vendor/OverlayScrollbars.min.css]
[acorn-html-medical-assistant.coloredstrategies.com/css/vendor/fullcalendar.min.css]
[acorn-html-medical-assistant.coloredstrategies.com/css/main.css]
[acorn-html-medical-assistant.coloredstrategies.com/css/styles.css]
[acorn-html-medical-assistant.coloredstrategies.com/js/base/loader.js]
[acorn-html-medical-assistant.coloredstrategies.com/Dashboards.Patient.html]
[acorn-html-medical-assistant.coloredstrategies.com/img/profile/profile-1.webp]
[acorn-html-medical-assistant.coloredstrategies.com/img/profile/profile-2.webp]
[acorn-html-medical-assistant.coloredstrategies.com/img/profile/profile-3.webp]
[acorn-html-medical-assistant.coloredstrategies.com/img/profile/profile-6.webp]
[acorn-html-medical-assistant.coloredstrategies.com/Appointments.html]
[acorn-html-medical-assistant.coloredstrategies.com/Results.html]
[acorn-html-medical-assistant.coloredstrategies.com/Prescriptions.html]
[acorn-html-medical-assistant.coloredstrategies.com/Doctors.html]
[acorn-html-medical-assistant.coloredstrategies.com/Consult.html]
[acorn-html-medical-assistant.coloredstrategies.com/Guidebook.html]
[acorn-html-medical-assistant.coloredstrategies.com/Articles.html]
[acorn-html-medical-assistant.coloredstrategies.com/Settings.html]
[acorn-html-medical-assistant.coloredstrategies.com/index.html]
[acorn-html-medical-assistant.coloredstrategies.com/js/vendor/jquery-3.5.1.min.js]
[acorn-html-medical-assistant.coloredstrategies.com/js/vendor/bootstrap.bundle.min.js]
[acorn-html-medical-assistant.coloredstrategies.com/js/vendor/OverlayScrollbars.min.js]
[acorn-html-medical-assistant.coloredstrategies.com/js/vendor/autoComplete.min.js]
[acorn-html-medical-assistant.coloredstrategies.com/js/vendor/clamp.min.js]
[acorn-html-medical-assistant.coloredstrategies.com/icon/acorn-icons.js]
[acorn-html-medical-assistant.coloredstrategies.com/icon/acorn-icons-interface.js]
[acorn-html-medical-assistant.coloredstrategies.com/icon/acorn-icons-medical.js]
[acorn-html-medical-assistant.coloredstrategies.com/js/vendor/chartjs-plugin-rounded-bar.min.js]
[acorn-html-medical-assistant.coloredstrategies.com/js/vendor/chartjs-plugin-crosshair.js]
[acorn-html-medical-assistant.coloredstrategies.com/js/vendor/Chart.bundle.min.js]
[acorn-html-medical-assistant.coloredstrategies.com/js/base/helpers.js]
[acorn-html-medical-assistant.coloredstrategies.com/js/base/globals.js]
[acorn-html-medical-assistant.coloredstrategies.com/js/vendor/fullcalendar/main.min.js]
[acorn-html-medical-assistant.coloredstrategies.com/js/base/nav.js]
[acorn-html-medical-assistant.coloredstrategies.com/js/base/search.js]
[acorn-html-medical-assistant.coloredstrategies.com/js/base/settings.js]
[acorn-html-medical-assistant.coloredstrategies.com/js/cs/charts.extend.js]
[acorn-html-medical-assistant.coloredstrategies.com/js/pages/dashboards.doctor.js]
[acorn-html-medical-assistant.coloredstrategies.com/js/common.js]
[acorn-html-medical-assistant.coloredstrategies.com/Dashboards.Doctor.html]
[acorn-html-medical-assistant.coloredstrategies.com/js/scripts.js]
[acorn-html-medical-assistant.coloredstrategies.com/font/CS-Interface/fonts/CS-Interfacec9f0.ttf]
[acorn-html-medical-assistant.coloredstrategies.com/font/CS-Interface/fonts/CS-Interfacec9f0.woff]
[acorn-html-medical-assistant.coloredstrategies.com/font/CS-Interface/style.css]
[acorn-html-medical-assistant.coloredstrategies.com/css/vendor/bootstrap.min.css]
[acorn-html-medical-assistant.coloredstrategies.com/css/vendor/OverlayScrollbars.min.css]
[acorn-html-medical-assistant.coloredstrategies.com/css/vendor/fullcalendar.min.css]
[acorn-html-medical-assistant.coloredstrategies.com/img/background/background-blue.webp]
[acorn-html-medical-assistant.coloredstrategies.com/css/styles.css]
[acorn-html-medical-assistant.coloredstrategies.com/css/main.css]
[acorn-html-medical-assistant.coloredstrategies.com/css/vendor/glide.core.min.css]
[acorn-html-medical-assistant.coloredstrategies.com/img/illustration/icon-appointment.webp]
[acorn-html-medical-assistant.coloredstrategies.com/Doctors.Detail.html]
[acorn-html-medical-assistant.coloredstrategies.com/img/profile/profile-14.webp]
[acorn-html-medical-assistant.coloredstrategies.com/img/profile/profile-12.webp]
[acorn-html-medical-assistant.coloredstrategies.com/img/profile/profile-13.webp]
[acorn-html-medical-assistant.coloredstrategies.com/img/profile/profile-15.webp]
[acorn-html-medical-assistant.coloredstrategies.com/img/profile/profile-16.webp]
[acorn-html-medical-assistant.coloredstrategies.com/Results.Detail.html]
[acorn-html-medical-assistant.coloredstrategies.com/img/banner/cta-doctor.webp]
[acorn-html-medical-assistant.coloredstrategies.com/Appointments.New.html]
[acorn-html-medical-assistant.coloredstrategies.com/js/vendor/glide.min.js]
[acorn-html-medical-assistant.coloredstrategies.com/js/cs/glide.custom.js]
[acorn-html-medical-assistant.coloredstrategies.com/Dashboards.Patient.html]
[acorn-html-medical-assistant.coloredstrategies.com/js/pages/dashboards.patient.js]
[acorn-html-medical-assistant.coloredstrategies.com/img/illustration/icon-support.webp]
[acorn-html-medical-assistant.coloredstrategies.com/img/illustration/icon-review.webp]
[acorn-html-medical-assistant.coloredstrategies.com/Appointments.html]
[acorn-html-medical-assistant.coloredstrategies.com/Results.html]
[acorn-html-medical-assistant.coloredstrategies.com/Prescriptions.html]
[acorn-html-medical-assistant.coloredstrategies.com/img/profile/profile-large-1.webp]
[acorn-html-medical-assistant.coloredstrategies.com/img/profile/profile-large-2.webp]
[acorn-html-medical-assistant.coloredstrategies.com/img/profile/profile-large-3.webp]
[acorn-html-medical-assistant.coloredstrategies.com/img/profile/profile-large-4.webp]
[acorn-html-medical-assistant.coloredstrategies.com/img/profile/profile-large-5.webp]
[acorn-html-medical-assistant.coloredstrategies.com/img/profile/profile-large-6.webp]
[acorn-html-medical-assistant.coloredstrategies.com/img/profile/profile-large-7.webp]
[acorn-html-medical-assistant.coloredstrategies.com/img/profile/profile-large-8.webp]
[acorn-html-medical-assistant.coloredstrategies.com/js/vendor/jquery.barrating.min.js]
[acorn-html-medical-assistant.coloredstrategies.com/Doctors.html]
[acorn-html-medical-assistant.coloredstrategies.com/js/pages/doctors.js]
[acorn-html-medical-assistant.coloredstrategies.com/css/vendor/quill.bubble.css]
[acorn-html-medical-assistant.coloredstrategies.com/js/vendor/quill.min.js]
[acorn-html-medical-assistant.coloredstrategies.com/js/vendor/quill.active.js]
[acorn-html-medical-assistant.coloredstrategies.com/Consult.html]
[acorn-html-medical-assistant.coloredstrategies.com/Guidebook.html]
[acorn-html-medical-assistant.coloredstrategies.com/js/pages/consult.js]
[acorn-html-medical-assistant.coloredstrategies.com/Articles.Detail.html]
[acorn-html-medical-assistant.coloredstrategies.com/img/blog/large/blog-1.webp]
[acorn-html-medical-assistant.coloredstrategies.com/img/blog/small/blog-3.webp]
[acorn-html-medical-assistant.coloredstrategies.com/img/blog/small/blog-4.webp]
[acorn-html-medical-assistant.coloredstrategies.com/img/blog/small/blog-5.webp]
[acorn-html-medical-assistant.coloredstrategies.com/img/blog/small/blog-6.webp]
[acorn-html-medical-assistant.coloredstrategies.com/img/blog/small/blog-7.webp]
[acorn-html-medical-assistant.coloredstrategies.com/img/blog/small/blog-2.webp]
[acorn-html-medical-assistant.coloredstrategies.com/Articles.html]
[acorn-html-medical-assistant.coloredstrategies.com/js/pages/articles.js]
[acorn-html-medical-assistant.coloredstrategies.com/css/vendor/select2.min.css]
[acorn-html-medical-assistant.coloredstrategies.com/css/vendor/select2-bootstrap4.min.css]
[acorn-html-medical-assistant.coloredstrategies.com/css/vendor/bootstrap-datepicker3.standalone.min.css]
[acorn-html-medical-assistant.coloredstrategies.com/js/vendor/select2.full.min.js]
[acorn-html-medical-assistant.coloredstrategies.com/js/vendor/datepicker/bootstrap-datepicker.min.js]
[acorn-html-medical-assistant.coloredstrategies.com/Settings.html]
[acorn-html-medical-assistant.coloredstrategies.com/index.html]
[acorn-html-medical-assistant.coloredstrategies.com/font/CS-Interface/fonts/CS-Interfacec9f0.svg]
[acorn-html-medical-assistant.coloredstrategies.com/img/background/background-blue.html]
[acorn-html-medical-assistant.coloredstrategies.com/img/logo/logo-light.svg]
[acorn-html-medical-assistant.coloredstrategies.com/img/logo/logo-sky-light.svg]
[acorn-html-medical-assistant.coloredstrategies.com/img/logo/logo-blue-light.svg]
[acorn-html-medical-assistant.coloredstrategies.com/img/logo/logo-green-light.svg]
[acorn-html-medical-assistant.coloredstrategies.com/img/logo/logo-red-light.svg]
[acorn-html-medical-assistant.coloredstrategies.com/img/logo/logo-pink-light.svg]
[acorn-html-medical-assistant.coloredstrategies.com/img/logo/logo-purple-light.svg]
[acorn-html-medical-assistant.coloredstrategies.com/img/logo/logo-teal-light.svg]
[acorn-html-medical-assistant.coloredstrategies.com/img/logo/logo-lime-light.svg]
[acorn-html-medical-assistant.coloredstrategies.com/img/logo/logo-blue-dark.svg]
[acorn-html-medical-assistant.coloredstrategies.com/img/logo/logo-green-dark.svg]
[acorn-html-medical-assistant.coloredstrategies.com/img/logo/logo-red-dark.svg]
[acorn-html-medical-assistant.coloredstrategies.com/img/logo/logo-pink-dark.svg]
[acorn-html-medical-assistant.coloredstrategies.com/img/logo/logo-purple-dark.svg]
[acorn-html-medical-assistant.coloredstrategies.com/img/logo/logo-lime-dark.svg]
[acorn-html-medical-assistant.coloredstrategies.com/img/logo/logo-teal-dark.svg]
[acorn-html-medical-assistant.coloredstrategies.com/img/logo/logo-sky-dark.svg]
[acorn-html-medical-assistant.coloredstrategies.com/css/vendor/glide.core.min.css]
[acorn-html-medical-assistant.coloredstrategies.com/js/pages/settings.js]
[acorn-html-medical-assistant.coloredstrategies.com/img/profile/profile-4.webp]
[acorn-html-medical-assistant.coloredstrategies.com/img/profile/profile-8.webp]
[acorn-html-medical-assistant.coloredstrategies.com/img/profile/profile-5.webp]
[acorn-html-medical-assistant.coloredstrategies.com/Doctors.Detail.html]
[acorn-html-medical-assistant.coloredstrategies.com/Results.Detail.html]
[acorn-html-medical-assistant.coloredstrategies.com/js/pages/doctors.detail.js]
[acorn-html-medical-assistant.coloredstrategies.com/js/cs/wizard.js]
[acorn-html-medical-assistant.coloredstrategies.com/js/vendor/timepicker.js]
[acorn-html-medical-assistant.coloredstrategies.com/Appointments.New.html]
[acorn-html-medical-assistant.coloredstrategies.com/css/vendor/quill.bubble.css]
[acorn-html-medical-assistant.coloredstrategies.com/js/pages/appointments.new.js]
[images.pexels.com/photos/4226924/pexels-photo-4226924db14.jpg]
[images.pexels.com/photos/3993241/pexels-photo-3993241db14.jpg]
[images.pexels.com/photos/4506166/pexels-photo-4506166db14.jpg]
[acorn-html-medical-assistant.coloredstrategies.com/Articles.Detail.html]
[acorn-html-medical-assistant.coloredstrategies.com/css/vendor/select2.min.css]
[acorn-html-medical-assistant.coloredstrategies.com/css/vendor/select2-bootstrap4.min.css]
[acorn-html-medical-assistant.coloredstrategies.com/css/vendor/bootstrap-datepicker3.standalone.min.css]
